// Jest Snapshot v1, https://goo.gl/fbAQLP

exports[`should render App corectly 1`] = `
<div>
  <Login
    loginSuccessful={[Function]}
  />
</div>
`;
